// Jest Snapshot v1, https://goo.gl/fbAQLP

exports[`Chat ComposeFAB renders correctly 1`] = `
<View
  accessibilityLabel="compose message"
  accessibilityRole="button"
  accessibilityState={
    {
      "disabled": true,
    }
  }
  accessible={true}
  focusable={false}
  hitSlop={
    {
      "bottom": 6,
      "left": 6,
      "right": 6,
      "top": 6,
    }
  }
  onClick={[Function]}
  onResponderGrant={[Function]}
  onResponderMove={[Function]}
  onResponderRelease={[Function]}
  onResponderTerminate={[Function]}
  onResponderTerminationRequest={[Function]}
  onStartShouldSetResponder={[Function]}
  style={
    [
      {
        "overflow": "hidden",
      },
      [
        {
          "alignItems": "center",
          "justifyContent": "center",
          "margin": 6,
          "overflow": "hidden",
        },
        {
          "borderRadius": 18,
          "height": 36,
          "width": 36,
        },
        undefined,
        [
          {
            "borderRadius": 0,
          },
          undefined,
        ],
      ],
    ]
  }
>
  <View>
    <Text
      accessibilityElementsHidden={true}
      allowFontScaling={false}
      importantForAccessibility="no-hide-descendants"
      pointerEvents="none"
      selectable={false}
      style={
        [
          {
            "color": "#000000",
            "fontSize": 24,
          },
          [
            {
              "lineHeight": 24,
              "transform": [
                {
                  "scaleX": 1,
                },
              ],
            },
            {
              "backgroundColor": "transparent",
            },
          ],
          {
            "fontFamily": "Material Design Icons",
            "fontStyle": "normal",
            "fontWeight": "normal",
          },
          {},
        ]
      }
    >
      󰏫
    </Text>
  </View>
</View>
`;
