// Jest Snapshot v1, https://goo.gl/fbAQLP

exports[`Chat MessageComposer renders correctly 1`] = `
<View
  accessibilityLabel="message composer"
  collapsable={false}
  style={
    {
      "backgroundColor": "#ffffff",
      "shadowColor": "#000000",
      "shadowOffset": {
        "height": 3,
        "width": 0,
      },
      "shadowOpacity": 0.24,
      "shadowRadius": 4,
    }
  }
>
  <View
    style={
      [
        {
          "backgroundColor": "rgb(231, 231, 231)",
          "borderTopLeftRadius": 4,
          "borderTopRightRadius": 4,
        },
        {},
      ]
    }
  >
    <View
      collapsable={false}
      style={
        {
          "backgroundColor": "rgba(0, 0, 0, 0.26)",
          "bottom": 0,
          "height": 2,
          "left": 0,
          "position": "absolute",
          "right": 0,
          "transform": [
            {
              "scaleY": 0.5,
            },
          ],
          "zIndex": 1,
        }
      }
    />
    <View
      style={
        [
          {
            "paddingBottom": 0,
            "paddingTop": 0,
          },
          {
            "minHeight": 64,
          },
        ]
      }
    >
      <TextInput
        editable={true}
        maxFontSizeMultiplier={1.5}
        multiline={false}
        onBlur={[Function]}
        onChangeText={[Function]}
        onFocus={[Function]}
        placeholderTextColor="rgba(0, 0, 0, 0.54)"
        selectionColor="#6200ee"
        style={
          [
            {
              "flexGrow": 1,
              "margin": 0,
            },
            {
              "paddingLeft": 12,
              "paddingRight": 12,
            },
            {
              "height": 64,
            },
            {
              "paddingBottom": 0,
              "paddingTop": 0,
            },
            {
              "color": "#000000",
              "fontFamily": "System",
              "fontSize": 16,
              "fontVariant": undefined,
              "fontWeight": undefined,
              "textAlign": "left",
              "textAlignVertical": "center",
            },
            false,
            [
              {},
            ],
          ]
        }
        testID="text-input-flat"
        underlineColorAndroid="transparent"
      />
    </View>
  </View>
</View>
`;
