// Jest Snapshot v1, https://goo.gl/fbAQLP

exports[`Chat MessageComposer renders correctly 1`] = `
<View
  accessibilityLabel="message composer"
  collapsable={false}
  style={
    {
      "backgroundColor": "#ffffff",
      "elevation": 3,
      "margin": 3,
      "shadowColor": "#000000",
      "shadowOffset": {
        "height": 2,
        "width": 0,
      },
      "shadowOpacity": 0.24,
      "shadowRadius": 3,
    }
  }
>
  <View
    style={
      [
        {
          "backgroundColor": "rgb(231, 231, 231)",
          "borderTopLeftRadius": 4,
          "borderTopRightRadius": 4,
        },
        {},
      ]
    }
  >
    <View
      collapsable={false}
      style={
        {
          "backgroundColor": "rgba(0, 0, 0, 0.26)",
          "bottom": 0,
          "height": 2,
          "left": 0,
          "position": "absolute",
          "right": 0,
          "transform": [
            {
              "scaleY": 0.5,
            },
          ],
          "zIndex": 1,
        }
      }
    />
    <View
      style={
        [
          {
            "paddingBottom": 0,
            "paddingTop": 0,
          },
          {
            "minHeight": 64,
          },
        ]
      }
    >
      <View
        collapsable={false}
        pointerEvents="none"
        style={
          {
            "bottom": 0,
            "left": 0,
            "opacity": 1,
            "position": "absolute",
            "right": 0,
            "top": 0,
            "transform": [
              {
                "translateX": 0,
              },
            ],
            "zIndex": 3,
          }
        }
      >
        <Text
          collapsable={false}
          maxFontSizeMultiplier={1.5}
          numberOfLines={1}
          onLayout={[Function]}
          style={
            {
              "color": "#6200ee",
              "fontFamily": "System",
              "fontSize": 16,
              "fontWeight": undefined,
              "left": 0,
              "opacity": 0,
              "paddingLeft": 12,
              "paddingRight": 12,
              "position": "absolute",
              "textAlign": "left",
              "top": 34,
              "transform": [
                {
                  "translateX": 0,
                },
                {
                  "translateY": 0,
                },
                {
                  "scale": 1,
                },
              ],
              "writingDirection": "ltr",
            }
          }
        >
          message text
        </Text>
        <Text
          collapsable={false}
          maxFontSizeMultiplier={1.5}
          numberOfLines={1}
          style={
            {
              "color": "rgba(0, 0, 0, 0.54)",
              "fontFamily": "System",
              "fontSize": 16,
              "fontWeight": undefined,
              "left": 0,
              "opacity": 0,
              "paddingLeft": 12,
              "paddingRight": 12,
              "position": "absolute",
              "textAlign": "left",
              "top": 34,
              "transform": [
                {
                  "translateX": 0,
                },
                {
                  "translateY": 0,
                },
                {
                  "scale": 1,
                },
              ],
              "writingDirection": "ltr",
            }
          }
        >
          message text
        </Text>
      </View>
      <TextInput
        editable={true}
        maxFontSizeMultiplier={1.5}
        multiline={false}
        onBlur={[Function]}
        onChangeText={[Function]}
        onFocus={[Function]}
        placeholder=" "
        placeholderTextColor="rgba(0, 0, 0, 0.54)"
        selectionColor="#6200ee"
        style={
          [
            {
              "flexGrow": 1,
              "margin": 0,
            },
            {
              "paddingLeft": 12,
              "paddingRight": 12,
            },
            {
              "height": 64,
            },
            {
              "paddingBottom": 4,
              "paddingTop": 24,
            },
            {
              "color": "#000000",
              "fontFamily": "System",
              "fontSize": 16,
              "fontVariant": undefined,
              "fontWeight": undefined,
              "textAlign": "left",
              "textAlignVertical": "center",
            },
            false,
            [
              {},
            ],
          ]
        }
        testID="text-input-flat"
        underlineColorAndroid="transparent"
      />
    </View>
  </View>
</View>
`;
